[backblue.gif]
[fade.gif]
[index.html]
[html.net/avatar.png]
[html.net/forums/styles/prosilver/template/forum_fn.js]
[fr.html.net/site/graphics/user.png]
[partner.googleadservices.com/gampad/google_service.js]
[apis.google.com/js/plusone.js]
[fr.html.net/tutorials/css/index.html]
[connect.facebook.net/en_US/all.js]
[html.net/site/graphics/logo.png]
[html.net/site/graphics/arrowright.png]
[html.net/site/graphics/icon.example.gif]
[html.net/site/style/default.screen.css]
[html.net/site/style/default.print.css]
[fr.html.net/tutorials/css/css.png]
[platform.twitter.com/widgets.js]
[fr.html.net/tutorials/css/introduction.html]
[fr.html.net/tutorials/css/lesson1.html]
[fr.html.net/tutorials/css/figure001.fr.png]
[fr.html.net/tutorials/css/figure002.png]
[fr.html.net/tutorials/css/figure003.fr.png]
[fr.html.net/tutorials/css/lesson2.html]
[fr.html.net/tutorials/css/butterfly.gif]
[fr.html.net/tutorials/css/figure004.gif]
[fr.html.net/tutorials/css/lesson3.html]
[fr.html.net/tutorials/css/figure005.fr.png]
[fr.html.net/tutorials/css/figure006.gif]
[fr.html.net/tutorials/css/figure007.gif]
[fr.html.net/tutorials/css/lesson4.html]
[fr.html.net/tutorials/css/lesson5.html]
[fr.html.net/tutorials/css/lesson6.html]
[fr.html.net/tutorials/css/lesson7.html]
[fr.html.net/tutorials/css/lesson8.html]
[fr.html.net/tutorials/css/figure008.fr.gif]
[fr.html.net/tutorials/css/figure009.gif]
[fr.html.net/tutorials/css/figure010.gif]
[fr.html.net/tutorials/css/lesson9.html]
[fr.html.net/tutorials/css/figure011.gif]
[fr.html.net/tutorials/css/lesson10.html]
[fr.html.net/tutorials/css/figure012.gif]
[fr.html.net/tutorials/css/figure013.gif]
[fr.html.net/tutorials/css/figure014.gif]
[fr.html.net/tutorials/css/lesson11.html]
[fr.html.net/tutorials/css/lesson12.html]
[fr.html.net/tutorials/css/figure015.fr.gif]
[fr.html.net/tutorials/css/figure016.gif]
[fr.html.net/tutorials/css/lesson13.html]
[fr.html.net/tutorials/css/figure017.gif]
[fr.html.net/tutorials/css/figure018.gif]
[fr.html.net/tutorials/css/figure019.gif]
[fr.html.net/tutorials/css/lesson14.html]
[fr.html.net/tutorials/css/figure020.gif]
[fr.html.net/tutorials/css/lesson15.html]
[fr.html.net/tutorials/css/W3C_css.gif]
[fr.html.net/tutorials/css/lesson16.html]
[s1.lqcdn.com/m.min2d33.js]
[connect.facebook.net/en_US/all.js]
[fr.html.net/tutorials/css/index-2.html]
[fr.html.net/tutorials/css/lesson3_ex1.html]
[fr.html.net/tutorials/css/lesson3_ex2.html]
[fr.html.net/tutorials/css/lesson3_ex3.html]
[fr.html.net/tutorials/css/lesson3_ex4.html]
[fr.html.net/tutorials/css/lesson3_ex5.html]
[fr.html.net/tutorials/css/lesson3_ex6.html]
[fr.html.net/tutorials/css/lesson3_ex7.html]
[fr.html.net/tutorials/css/lesson3_ex8.html]
[fr.html.net/tutorials/css/lesson3_ex9.html]
[fr.html.net/tutorials/css/lesson3_ex10.html]
[fr.html.net/tutorials/css/lesson3_ex11.html]
[fr.html.net/tutorials/css/lesson3_ex12.html]
[fr.html.net/tutorials/css/lesson3_ex13.html]
[fr.html.net/tutorials/css/lesson4_ex1.html]
[fr.html.net/tutorials/css/lesson4_ex2.html]
[fr.html.net/tutorials/css/lesson4_ex3.html]
[fr.html.net/tutorials/css/lesson4_ex4.html]
[fr.html.net/tutorials/css/lesson4_ex5.html]
[fr.html.net/tutorials/css/lesson5_ex1.html]
[fr.html.net/tutorials/css/lesson5_ex2.html]
[fr.html.net/tutorials/css/lesson5_ex3.html]
[fr.html.net/tutorials/css/lesson5_ex4.html]
[fr.html.net/tutorials/css/lesson5_ex5.html]
[fr.html.net/tutorials/css/lesson6_ex1.html]
[fr.html.net/tutorials/css/lesson6_ex2.html]
[fr.html.net/tutorials/css/lesson6_ex3.html]
[fr.html.net/tutorials/css/lesson6_ex4.html]
[fr.html.net/tutorials/css/lesson6_ex5.html]
[fr.html.net/tutorials/css/lesson6_ex6.html]
[fr.html.net/tutorials/css/lesson6_ex7.html]
[fr.html.net/tutorials/css/lesson7_ex1.html]
[fr.html.net/tutorials/css/lesson7_ex2.html]
[fr.html.net/tutorials/css/lesson7_ex3.html]
[fr.html.net/tutorials/css/lesson8_ex1.html]
[fr.html.net/tutorials/css/lesson8_ex2.html]
[fr.html.net/tutorials/css/lesson10_ex1.html]
[fr.html.net/tutorials/css/lesson10_ex2.html]
[fr.html.net/tutorials/css/lesson10_ex3.html]
[fr.html.net/tutorials/css/lesson10_ex4.html]
[fr.html.net/tutorials/css/lesson11_ex1.html]
[fr.html.net/tutorials/css/lesson11_ex2.html]
[fr.html.net/tutorials/css/lesson12_ex1.html]
[fr.html.net/tutorials/css/lesson12_ex2.html]
[fr.html.net/tutorials/css/bill.jpg]
[fr.html.net/tutorials/css/lesson13_ex1.html]
[fr.html.net/tutorials/css/lesson13_ex2.html]
[fr.html.net/tutorials/css/lesson13_ex3.html]
[fr.html.net/tutorials/css/lesson14_ex1.html]
[fr.html.net/tutorials/css/dog1.gif]
[fr.html.net/tutorials/css/dog2.gif]
[fr.html.net/tutorials/css/dog3.gif]
[fr.html.net/tutorials/css/lesson14_ex2.html]
[fr.html.net/tutorials/css/diamonds_10.gif]
[fr.html.net/tutorials/css/diamonds_jack.gif]
[fr.html.net/tutorials/css/diamonds_queen.gif]
[fr.html.net/tutorials/css/diamonds_king.gif]
[fr.html.net/tutorials/css/diamonds_ace.gif]
[fr.html.net/tutorials/css/lesson15_ex1.html]
[fr.html.net/tutorials/css/lesson3_ex1.css]
[fr.html.net/tutorials/css/lesson3_ex2.css]
[fr.html.net/tutorials/css/lesson3_ex3.css]
[fr.html.net/tutorials/css/lesson3_ex4.css]
[fr.html.net/tutorials/css/lesson3_ex5.css]
[fr.html.net/tutorials/css/lesson3_ex6.css]
[fr.html.net/tutorials/css/lesson3_ex7.css]
[fr.html.net/tutorials/css/lesson3_ex8.css]
[fr.html.net/tutorials/css/lesson3_ex9.css]
[fr.html.net/tutorials/css/lesson3_ex10.css]
[fr.html.net/tutorials/css/lesson3_ex11.css]
[fr.html.net/tutorials/css/lesson3_ex12.css]
[fr.html.net/tutorials/css/lesson3_ex13.css]
[fr.html.net/tutorials/css/lesson4_ex1.css]
[fr.html.net/tutorials/css/lesson4_ex2.css]
[fr.html.net/tutorials/css/lesson4_ex3.css]
[fr.html.net/tutorials/css/lesson4_ex4.css]
[fr.html.net/tutorials/css/lesson4_ex5.css]
[fr.html.net/tutorials/css/lesson5_ex1.css]
[fr.html.net/tutorials/css/lesson5_ex2.css]
[fr.html.net/tutorials/css/lesson5_ex3.css]
[fr.html.net/tutorials/css/lesson5_ex4.css]
[fr.html.net/tutorials/css/lesson5_ex5.css]
[fr.html.net/tutorials/css/lesson6_ex1.css]
[fr.html.net/tutorials/css/lesson6_ex15fea.html]
[fr.html.net/tutorials/css/lesson6_ex2.css]
[fr.html.net/tutorials/css/lesson6_ex3.css]
[fr.html.net/tutorials/css/lesson6_ex4.css]
[fr.html.net/tutorials/css/lesson6_ex5.css]
[fr.html.net/tutorials/css/lesson6_ex6.css]
[fr.html.net/tutorials/css/lesson6_ex7.css]
[fr.html.net/tutorials/css/lesson7_ex1.css]
[fr.html.net/tutorials/css/lesson7_ex2.css]
[fr.html.net/tutorials/css/lesson7_ex3.css]
[fr.html.net/tutorials/css/lesson8_ex1.css]
[fr.html.net/tutorials/css/lesson8_ex2.css]
[fr.html.net/tutorials/css/lesson10_ex1.css]
[fr.html.net/tutorials/css/lesson10_ex2.css]
[fr.html.net/tutorials/css/lesson10_ex3.css]
[fr.html.net/tutorials/css/lesson10_ex4.css]
[fr.html.net/tutorials/css/lesson11_ex1.css]
[fr.html.net/tutorials/css/lesson11_ex2.css]
[fr.html.net/tutorials/css/lesson12_ex1.css]
[fr.html.net/tutorials/css/lesson12_ex2.css]
[fr.html.net/tutorials/css/lesson13_ex1.css]
[fr.html.net/tutorials/css/lesson13_ex2.css]
[fr.html.net/tutorials/css/lesson13_ex3.css]
[fr.html.net/tutorials/css/lesson14_ex1.css]
[fr.html.net/tutorials/css/lesson14_ex2.css]
[fr.html.net/tutorials/css/lesson15_ex1.css]
[fr.html.net/tutorials/css/lesson6_ex10e9e.html]
[fr.html.net/tutorials/css/lesson6_ex1ee39.html]
[fr.html.net/tutorials/css/lesson6_ex1bb17.html]
